../Core/Src/main.c:88:5:_write	24	static
../Core/Src/main.c:102:5:main	8	static
../Core/Src/main.c:173:6:SystemClock_Config	96	static
../Core/Src/main.c:230:13:MX_RTC_Init	8	static
../Core/Src/main.c:265:13:MX_SPI1_Init	8	static
../Core/Src/main.c:305:13:MX_USART1_UART_Init	8	static
../Core/Src/main.c:340:13:MX_GPIO_Init	40	static
../Core/Src/main.c:374:10:ProcesarByte	24	static
../Core/Src/main.c:392:10:CalcularCRC16	24	static
../Core/Src/main.c:410:6:Error_Handler	4	static,ignoring_inline_asm
